<?xml version="1.0" encoding="utf-8"?><testsuites><testsuite name="pytest" errors="0" failures="0" skipped="0" tests="6" time="2.024" timestamp="2025-08-24T12:36:33.569988" hostname="Khurrams-MacBook-Pro-2.local"><testcase classname="tests.unit.test_lambda_canary_workshop_stack" name="test_lambda_function" time="0.003" /><testcase classname="tests.unit.test_lambda_canary_workshop_stack" name="test_function_versioning" time="0.003" /><testcase classname="tests.unit.test_lambda_canary_workshop_stack" name="test_api_gateway" time="0.004" /><testcase classname="tests.unit.test_lambda_canary_workshop_stack" name="test_failed_alarm" time="0.001" /><testcase classname="tests.unit.test_lambda_canary_workshop_stack" name="test_canary_deployment" time="0.002" /><testcase classname="tests.unit.test_lambda_canary_workshop_stack" name="test_outputs" time="0.001" /></testsuite></testsuites>